Rc files read (in order):
  NONE
Latexmk: This is Latexmk, John Collins, 9 March 2026. Version 4.88.
Latexmk: applying rule 'pdflatex'...
Rule 'pdflatex':  Reasons for rerun
Changed files or newly in use/created:
  main.tex
Category 'changed_user':
  main.tex

------------
Run number 1 of rule 'pdflatex'
------------
------------
Running 'pdflatex  -interaction=nonstopmode -recorder  "main.tex"'
------------
This is pdfTeX, Version 3.141592653-2.6-1.40.29 (TeX Live 2026) (preloaded format=pdflatex)
 restricted \write18 enabled.
entering extended mode
(./main.tex
LaTeX2e <2025-11-01>
L3 programming layer <2026-03-20>
(/usr/local/texlive/2026/texmf-dist/tex/latex/acmart/acmart.cls
Document Class: acmart 2025/08/27 v2.16 Typesetting articles for the Associatio
n for Computing Machinery
(/usr/local/texlive/2026/texmf-dist/tex/latex/xkeyval/xkeyval.sty
(/usr/local/texlive/2026/texmf-dist/tex/generic/xkeyval/xkeyval.tex
(/usr/local/texlive/2026/texmf-dist/tex/generic/xkeyval/xkvutils.tex
(/usr/local/texlive/2026/texmf-dist/tex/generic/xkeyval/keyval.tex))))
(/usr/local/texlive/2026/texmf-dist/tex/generic/xstring/xstring.sty
(/usr/local/texlive/2026/texmf-dist/tex/generic/xstring/xstring.tex))
(/usr/local/texlive/2026/texmf-dist/tex/generic/iftex/iftex.sty)
(/usr/local/texlive/2026/texmf-dist/tex/latex/amscls/amsart.cls
Document Class: amsart 2020/05/29 v2.20.6
(/usr/local/texlive/2026/texmf-dist/tex/latex/amsmath/amsmath.sty
For additional information on amsmath, use the `?' option.
(/usr/local/texlive/2026/texmf-dist/tex/latex/amsmath/amstext.sty
(/usr/local/texlive/2026/texmf-dist/tex/latex/amsmath/amsgen.sty))
(/usr/local/texlive/2026/texmf-dist/tex/latex/amsmath/amsbsy.sty)
(/usr/local/texlive/2026/texmf-dist/tex/latex/amsmath/amsopn.sty))
(/usr/local/texlive/2026/texmf-dist/tex/latex/amsfonts/umsa.fd)
(/usr/local/texlive/2026/texmf-dist/tex/latex/amsfonts/amsfonts.sty))
(/usr/local/texlive/2026/texmf-dist/tex/latex/microtype/microtype.sty
(/usr/local/texlive/2026/texmf-dist/tex/latex/etoolbox/etoolbox.sty)
(/usr/local/texlive/2026/texmf-dist/tex/latex/microtype/microtype-pdftex.def)
(/usr/local/texlive/2026/texmf-dist/tex/latex/microtype/microtype.cfg))
(/usr/local/texlive/2026/texmf-dist/tex/latex/booktabs/booktabs.sty)
(/usr/local/texlive/2026/texmf-dist/tex/latex/refcount/refcount.sty
(/usr/local/texlive/2026/texmf-dist/tex/generic/ltxcmds/ltxcmds.sty)
(/usr/local/texlive/2026/texmf-dist/tex/generic/infwarerr/infwarerr.sty))
(/usr/local/texlive/2026/texmf-dist/tex/latex/totpages/totpages.sty
(/usr/local/texlive/2026/texmf-dist/tex/latex/everyshi/everyshi.sty))
(/usr/local/texlive/2026/texmf-dist/tex/latex/environ/environ.sty
(/usr/local/texlive/2026/texmf-dist/tex/latex/trimspaces/trimspaces.sty))
(/usr/local/texlive/2026/texmf-dist/tex/latex/natbib/natbib.sty)
(/usr/local/texlive/2026/texmf-dist/tex/latex/hyperref/hyperref.sty
(/usr/local/texlive/2026/texmf-dist/tex/latex/kvsetkeys/kvsetkeys.sty)
(/usr/local/texlive/2026/texmf-dist/tex/generic/kvdefinekeys/kvdefinekeys.sty)
(/usr/local/texlive/2026/texmf-dist/tex/generic/pdfescape/pdfescape.sty
(/usr/local/texlive/2026/texmf-dist/tex/generic/pdftexcmds/pdftexcmds.sty))
(/usr/local/texlive/2026/texmf-dist/tex/latex/hycolor/hycolor.sty)
(/usr/local/texlive/2026/texmf-dist/tex/latex/hyperref/nameref.sty
(/usr/local/texlive/2026/texmf-dist/tex/generic/gettitlestring/gettitlestring.s
ty (/usr/local/texlive/2026/texmf-dist/tex/latex/kvoptions/kvoptions.sty)))
(/usr/local/texlive/2026/texmf-dist/tex/generic/stringenc/stringenc.sty)
(/usr/local/texlive/2026/texmf-dist/tex/latex/hyperref/pd1enc.def)
(/usr/local/texlive/2026/texmf-dist/tex/generic/intcalc/intcalc.sty)
(/usr/local/texlive/2026/texmf-dist/tex/latex/hyperref/puenc.def)
(/usr/local/texlive/2026/texmf-dist/tex/latex/url/url.sty)
(/usr/local/texlive/2026/texmf-dist/tex/generic/bitset/bitset.sty
(/usr/local/texlive/2026/texmf-dist/tex/generic/bigintcalc/bigintcalc.sty)))
(/usr/local/texlive/2026/texmf-dist/tex/latex/hyperref/hpdftex.def
(/usr/local/texlive/2026/texmf-dist/tex/latex/rerunfilecheck/rerunfilecheck.sty

(/usr/local/texlive/2026/texmf-dist/tex/generic/uniquecounter/uniquecounter.sty
))) (/usr/local/texlive/2026/texmf-dist/tex/latex/hyperxmp/hyperxmp.sty
(/usr/local/texlive/2026/texmf-dist/tex/latex/ifmtarg/ifmtarg.sty)
(/usr/local/texlive/2026/texmf-dist/tex/latex/base/ifthen.sty)
(/usr/local/texlive/2026/texmf-dist/tex/latex/oberdiek/ifdraft.sty)
(/usr/local/texlive/2026/texmf-dist/tex/generic/iftex/ifluatex.sty))
(/usr/local/texlive/2026/texmf-dist/tex/latex/graphics/graphicx.sty
(/usr/local/texlive/2026/texmf-dist/tex/latex/graphics/graphics.sty
(/usr/local/texlive/2026/texmf-dist/tex/latex/graphics/trig.sty)
(/usr/local/texlive/2026/texmf-dist/tex/latex/graphics-cfg/graphics.cfg)
(/usr/local/texlive/2026/texmf-dist/tex/latex/graphics-def/pdftex.def)))
(/usr/local/texlive/2026/texmf-dist/tex/latex/xcolor/xcolor.sty
(/usr/local/texlive/2026/texmf-dist/tex/latex/graphics-cfg/color.cfg)
(/usr/local/texlive/2026/texmf-dist/tex/latex/graphics/mathcolor.ltx))
(/usr/local/texlive/2026/texmf-dist/tex/latex/geometry/geometry.sty
(/usr/local/texlive/2026/texmf-dist/tex/generic/iftex/ifvtex.sty))
(/usr/local/texlive/2026/texmf-dist/tex/latex/ncctools/manyfoot.sty
(/usr/local/texlive/2026/texmf-dist/tex/latex/ncctools/nccfoots.sty))
(/usr/local/texlive/2026/texmf-dist/tex/generic/pdftex/glyphtounicode.tex)
(/usr/local/texlive/2026/texmf-dist/tex/latex/cmap/cmap.sty)
(/usr/local/texlive/2026/texmf-dist/tex/latex/base/fontenc.sty<<t1.cmap>>)
(/usr/local/texlive/2026/texmf-dist/tex/latex/libertine/libertine.sty
(/usr/local/texlive/2026/texmf-dist/tex/generic/iftex/ifxetex.sty)
(/usr/local/texlive/2026/texmf-dist/tex/latex/base/textcomp.sty)
(/usr/local/texlive/2026/texmf-dist/tex/latex/base/fontenc.sty)
(/usr/local/texlive/2026/texmf-dist/tex/latex/fontaxes/fontaxes.sty
(/usr/local/texlive/2026/texmf-dist/tex/latex/figureversions/figureversions.sty
)) (/usr/local/texlive/2026/texmf-dist/tex/latex/libertine/LinLibertine_I.tex))
 (/usr/local/texlive/2026/texmf-dist/tex/latex/inconsolata/zi4.sty
`inconsolata-zi4' v1.12, 2019/05/17 Text macros for Inconsolata (msharpe))
(/usr/local/texlive/2026/texmf-dist/tex/latex/newtx/newtxmath.sty
`newtxmath' v1.754, 2024/09/22 Math macros based originally on txfonts (msharpe
) (/usr/local/texlive/2026/texmf-dist/tex/latex/oberdiek/centernot.sty)
(/usr/local/texlive/2026/texmf-dist/tex/generic/kastrup/binhex.tex)
amsthm NOT loaded
) (/usr/local/texlive/2026/texmf-dist/tex/latex/caption/caption.sty
(/usr/local/texlive/2026/texmf-dist/tex/latex/caption/caption3.sty
(/usr/local/texlive/2026/texmf-dist/tex/latex/caption/caption-ams-smf.sto)))
(/usr/local/texlive/2026/texmf-dist/tex/latex/float/float.sty)
(/usr/local/texlive/2026/texmf-dist/tex/latex/comment/comment.sty
Excluding comment 'comment') Excluding comment 'CCSXML'
(/usr/local/texlive/2026/texmf-dist/tex/latex/fancyhdr/fancyhdr.sty)
Special comment 'acks'
(/usr/local/texlive/2026/texmf-dist/tex/latex/libertine/T1LinuxLibertineT-TLF.f
d)) (/usr/local/texlive/2026/texmf-dist/tex/latex/multirow/multirow.sty)
(/usr/local/texlive/2026/texmf-dist/tex/latex/preprint/balance.sty)
Excluding comment 'screenonly' Include comment 'printonly'
Excluding comment 'anonsuppress' Excluding comment 'acks'
(/usr/local/texlive/2026/texmf-dist/tex/latex/l3backend/l3backend-pdftex.def)
(./main.aux) (/usr/local/texlive/2026/texmf-dist/tex/latex/newtx/omlnxlmi.fd)
(/usr/local/texlive/2026/texmf-dist/tex/latex/newtx/untxexa.fd)
(/usr/local/texlive/2026/texmf-dist/tex/latex/newtx/lmsntxsy.fd)
(/usr/local/texlive/2026/texmf-dist/tex/latex/newtx/lmxntxexx.fd)
(/usr/local/texlive/2026/texmf-dist/tex/latex/libertine/OT1LinuxLibertineT-TLF.
fd)<<ot1.cmap>><<oml.cmap>>
(/usr/local/texlive/2026/texmf-dist/tex/latex/amsfonts/umsa.fd)
(/usr/local/texlive/2026/texmf-dist/tex/latex/amsfonts/umsb.fd)
(/usr/local/texlive/2026/texmf-dist/tex/latex/newtx/untxmia.fd)
(/usr/local/texlive/2026/texmf-dist/tex/latex/newtx/untxsym.fd)
(/usr/local/texlive/2026/texmf-dist/tex/latex/newtx/untxsyc.fd) (./main.out)
(./main.out)
(/usr/local/texlive/2026/texmf-dist/tex/context/base/mkii/supp-pdf.mkii
[Loading MPS to PDF converter (version 2006.09.02).]
) (/usr/local/texlive/2026/texmf-dist/tex/latex/epstopdf-pkg/epstopdf-base.sty
(/usr/local/texlive/2026/texmf-dist/tex/latex/latexconfig/epstopdf-sys.cfg))
*geometry* driver: auto-detecting
*geometry* detected driver: pdftex
(/usr/local/texlive/2026/texmf-dist/tex/latex/upquote/upquote.sty)
(/usr/local/texlive/2026/texmf-dist/tex/latex/libertine/T1LinuxBiolinumT-TLF.fd
)
Underfull \vbox (badness 10000) has occurred while \output is active [1.1{/usr/
local/texlive/2026/texmf-var/fonts/map/pdftex/updmap/pdftex.map}{/usr/local/tex
live/2026/texmf-dist/fonts/enc/dvips/libertine/lbtn_76gpa5.enc}{/usr/local/texl
ive/2026/texmf-dist/fonts/enc/dvips/libertine/lbtn_25tcsq.enc}{/usr/local/texli
ve/2026/texmf-dist/fonts/enc/dvips/libertine/lbtn_nh77jq.enc}{/usr/local/texliv
e/2026/texmf-dist/fonts/enc/dvips/libertine/lbtn_7grukw.enc}]

LaTeX Warning: Reference `fig:pipeline' on page 2 undefined on input line 52.

(/usr/local/texlive/2026/texmf-dist/tex/latex/microtype/mt-msa.cfg)
(/usr/local/texlive/2026/texmf-dist/tex/latex/microtype/mt-msb.cfg)

Class acmart Warning: A possible image without description on input line 60.


LaTeX Warning: Reference `eq:cumulative' on page 2 undefined on input line 77.


LaTeX Warning: Reference `eq:residual' on page 2 undefined on input line 84.


Package natbib Warning: Citation `sbert' on page 2 undefined on input line 89.


Package natbib Warning: Citation `infonce' on page 2 undefined on input line 89
.


Underfull \vbox (badness 2608) has occurred while \output is active
(/usr/local/texlive/2026/texmf-dist/tex/generic/stringenc/se-pdfdoc.def)
(/usr/local/texlive/2026/texmf-dist/tex/generic/stringenc/se-utf8.def) [2.2{/us
r/local/texlive/2026/texmf-dist/fonts/enc/dvips/libertine/lbtn_oexx6f.enc}{/usr
/local/texlive/2026/texmf-dist/fonts/enc/dvips/libertine/lbtn_kijugd.enc}]

LaTeX Warning: Reference `tab:recipe' on page 3 undefined on input line 101.


LaTeX Warning: Reference `eq:fusion' on page 3 undefined on input line 105.


LaTeX Warning: Reference `eq:fusion' on page 3 undefined on input line 105.

(./main.bbl)

Package natbib Warning: There were undefined citations.


Class acmart Warning: Some images may lack descriptions.
(acmart)              ACM is committed to complying with the upcoming US ADA ht
tps://accessiblyapp.com/accessibility-compliance/ada/ and European Accessibilit
y Act (EAA) https://accessiblyapp.com/accessibility-compliance/eaa/ regulations
 by actively working to ensure our publications and application services are ac
cessible to individuals with disabilities, adhering to the WCAG guidelines to p
rovide a seamless experience for all users, and regularly reviewing our accessi
bility practices to maintain compliance with evolving standards. 
(acmart)              To this end, we strongly encourage our authors to provide
 alternative text and captions for images and multimedia content. It is also im
portant to optimize color contrast for the visually impaired. Taking these impo
rtant steps when creating your papers will ensure that the widest possible audi
ence can ingest your work..


Class acmart Warning: ACM reference format is mandatory 
(acmart)              for papers over one page. 
(acmart)              Please add printacmref=true to the 
(acmart)              \settopmatter command..


Package balance Warning: You have called \balance in second column
(balance)                Columns might not be balanced.

[3.3]

LaTeX Warning: Hook 'shipout/lastpage' executed on wrong page (2 not 3).
               Rerun to correct this.

(./main.aux)

LaTeX Warning: There were undefined references.


LaTeX Warning: Label(s) may have changed. Rerun to get cross-references right.


Package rerunfilecheck Warning: File `main.out' has changed.
(rerunfilecheck)                Rerun to get outlines right
(rerunfilecheck)                or use package `bookmark'.

 )
(see the transcript file for additional information)
pdfTeX warning (dest): name{section*.5} has been referenced but does not exist,
 replaced by a fixed one

</usr/local/texlive/2026/texmf-dist/fonts/type1/public/newtx/LibertineMathMI.pf
b></usr/local/texlive/2026/texmf-dist/fonts/type1/public/newtx/LibertineMathMI7
.pfb></usr/local/texlive/2026/texmf-dist/fonts/type1/public/newtx/LibertineMath
RM.pfb></usr/local/texlive/2026/texmf-dist/fonts/type1/public/libertine/LinBiol
inumT.pfb></usr/local/texlive/2026/texmf-dist/fonts/type1/public/libertine/LinB
iolinumTB.pfb></usr/local/texlive/2026/texmf-dist/fonts/type1/public/libertine/
LinLibertineT.pfb></usr/local/texlive/2026/texmf-dist/fonts/type1/public/libert
ine/LinLibertineTB.pfb></usr/local/texlive/2026/texmf-dist/fonts/type1/public/l
ibertine/LinLibertineTI.pfb></usr/local/texlive/2026/texmf-dist/fonts/type1/pub
lic/newtx/txexs.pfb></usr/local/texlive/2026/texmf-dist/fonts/type1/public/newt
x/txmiaX.pfb></usr/local/texlive/2026/texmf-dist/fonts/type1/public/newtx/txsys
.pfb>
Output written on main.pdf (3 pages, 438982 bytes).
Transcript written on main.log.
Latexmk: Getting log file 'main.log'
Latexmk: Examining 'main.fls'
Latexmk: Examining 'main.log'
Latexmk: Found input bbl file 'main.bbl'
Latexmk: References changed.
Latexmk: References changed.
Latexmk: Log file says output to 'main.pdf'
Latexmk: Using bibtex to make bibliography file(s).
  ===Source file 'main.bbl' for 'pdflatex'
Latexmk: Found bibliography file(s):
  ./refs.bib
Latexmk: applying rule 'bibtex main'...
Rule 'bibtex main':  Reasons for rerun
Changed files or newly in use/created:
  main.aux

------------
Run number 1 of rule 'bibtex main'
------------
------------
Running 'bibtex  "main.aux"'
------------
This is BibTeX, Version 0.99e (TeX Live 2026)
The top-level auxiliary file: main.aux
The style file: ACM-Reference-Format.bst
Database file #1: refs.bib
Warning--empty publisher in ikun
Warning--empty address in ikun
Warning--page numbers missing in both pages and numpages fields in ikun
Warning--page numbers missing in both pages and numpages fields in ransac
Warning--page numbers missing in both pages and numpages fields in hota
Warning--empty publisher in sbert
Warning--empty address in sbert
Warning--page numbers missing in both pages and numpages fields in sbert
Warning--empty publisher in orb
Warning--empty address in orb
Warning--page numbers missing in both pages and numpages fields in orb
Warning--empty publisher in transrmot
Warning--empty address in transrmot
Warning--page numbers missing in both pages and numpages fields in transrmot
(There were 14 warnings)
Latexmk: applying rule 'pdflatex'...
Rule 'pdflatex':  Reasons for rerun
Changed files or newly in use/created:
  main.aux
  main.bbl
  main.out

------------
Run number 2 of rule 'pdflatex'
------------
------------
Running 'pdflatex  -interaction=nonstopmode -recorder  "main.tex"'
------------
This is pdfTeX, Version 3.141592653-2.6-1.40.29 (TeX Live 2026) (preloaded format=pdflatex)
 restricted \write18 enabled.
entering extended mode
(./main.tex
LaTeX2e <2025-11-01>
L3 programming layer <2026-03-20>
(/usr/local/texlive/2026/texmf-dist/tex/latex/acmart/acmart.cls
Document Class: acmart 2025/08/27 v2.16 Typesetting articles for the Associatio
n for Computing Machinery
(/usr/local/texlive/2026/texmf-dist/tex/latex/xkeyval/xkeyval.sty
(/usr/local/texlive/2026/texmf-dist/tex/generic/xkeyval/xkeyval.tex
(/usr/local/texlive/2026/texmf-dist/tex/generic/xkeyval/xkvutils.tex
(/usr/local/texlive/2026/texmf-dist/tex/generic/xkeyval/keyval.tex))))
(/usr/local/texlive/2026/texmf-dist/tex/generic/xstring/xstring.sty
(/usr/local/texlive/2026/texmf-dist/tex/generic/xstring/xstring.tex))
(/usr/local/texlive/2026/texmf-dist/tex/generic/iftex/iftex.sty)
(/usr/local/texlive/2026/texmf-dist/tex/latex/amscls/amsart.cls
Document Class: amsart 2020/05/29 v2.20.6
(/usr/local/texlive/2026/texmf-dist/tex/latex/amsmath/amsmath.sty
For additional information on amsmath, use the `?' option.
(/usr/local/texlive/2026/texmf-dist/tex/latex/amsmath/amstext.sty
(/usr/local/texlive/2026/texmf-dist/tex/latex/amsmath/amsgen.sty))
(/usr/local/texlive/2026/texmf-dist/tex/latex/amsmath/amsbsy.sty)
(/usr/local/texlive/2026/texmf-dist/tex/latex/amsmath/amsopn.sty))
(/usr/local/texlive/2026/texmf-dist/tex/latex/amsfonts/umsa.fd)
(/usr/local/texlive/2026/texmf-dist/tex/latex/amsfonts/amsfonts.sty))
(/usr/local/texlive/2026/texmf-dist/tex/latex/microtype/microtype.sty
(/usr/local/texlive/2026/texmf-dist/tex/latex/etoolbox/etoolbox.sty)
(/usr/local/texlive/2026/texmf-dist/tex/latex/microtype/microtype-pdftex.def)
(/usr/local/texlive/2026/texmf-dist/tex/latex/microtype/microtype.cfg))
(/usr/local/texlive/2026/texmf-dist/tex/latex/booktabs/booktabs.sty)
(/usr/local/texlive/2026/texmf-dist/tex/latex/refcount/refcount.sty
(/usr/local/texlive/2026/texmf-dist/tex/generic/ltxcmds/ltxcmds.sty)
(/usr/local/texlive/2026/texmf-dist/tex/generic/infwarerr/infwarerr.sty))
(/usr/local/texlive/2026/texmf-dist/tex/latex/totpages/totpages.sty
(/usr/local/texlive/2026/texmf-dist/tex/latex/everyshi/everyshi.sty))
(/usr/local/texlive/2026/texmf-dist/tex/latex/environ/environ.sty
(/usr/local/texlive/2026/texmf-dist/tex/latex/trimspaces/trimspaces.sty))
(/usr/local/texlive/2026/texmf-dist/tex/latex/natbib/natbib.sty)
(/usr/local/texlive/2026/texmf-dist/tex/latex/hyperref/hyperref.sty
(/usr/local/texlive/2026/texmf-dist/tex/latex/kvsetkeys/kvsetkeys.sty)
(/usr/local/texlive/2026/texmf-dist/tex/generic/kvdefinekeys/kvdefinekeys.sty)
(/usr/local/texlive/2026/texmf-dist/tex/generic/pdfescape/pdfescape.sty
(/usr/local/texlive/2026/texmf-dist/tex/generic/pdftexcmds/pdftexcmds.sty))
(/usr/local/texlive/2026/texmf-dist/tex/latex/hycolor/hycolor.sty)
(/usr/local/texlive/2026/texmf-dist/tex/latex/hyperref/nameref.sty
(/usr/local/texlive/2026/texmf-dist/tex/generic/gettitlestring/gettitlestring.s
ty (/usr/local/texlive/2026/texmf-dist/tex/latex/kvoptions/kvoptions.sty)))
(/usr/local/texlive/2026/texmf-dist/tex/generic/stringenc/stringenc.sty)
(/usr/local/texlive/2026/texmf-dist/tex/latex/hyperref/pd1enc.def)
(/usr/local/texlive/2026/texmf-dist/tex/generic/intcalc/intcalc.sty)
(/usr/local/texlive/2026/texmf-dist/tex/latex/hyperref/puenc.def)
(/usr/local/texlive/2026/texmf-dist/tex/latex/url/url.sty)
(/usr/local/texlive/2026/texmf-dist/tex/generic/bitset/bitset.sty
(/usr/local/texlive/2026/texmf-dist/tex/generic/bigintcalc/bigintcalc.sty)))
(/usr/local/texlive/2026/texmf-dist/tex/latex/hyperref/hpdftex.def
(/usr/local/texlive/2026/texmf-dist/tex/latex/rerunfilecheck/rerunfilecheck.sty

(/usr/local/texlive/2026/texmf-dist/tex/generic/uniquecounter/uniquecounter.sty
))) (/usr/local/texlive/2026/texmf-dist/tex/latex/hyperxmp/hyperxmp.sty
(/usr/local/texlive/2026/texmf-dist/tex/latex/ifmtarg/ifmtarg.sty)
(/usr/local/texlive/2026/texmf-dist/tex/latex/base/ifthen.sty)
(/usr/local/texlive/2026/texmf-dist/tex/latex/oberdiek/ifdraft.sty)
(/usr/local/texlive/2026/texmf-dist/tex/generic/iftex/ifluatex.sty))
(/usr/local/texlive/2026/texmf-dist/tex/latex/graphics/graphicx.sty
(/usr/local/texlive/2026/texmf-dist/tex/latex/graphics/graphics.sty
(/usr/local/texlive/2026/texmf-dist/tex/latex/graphics/trig.sty)
(/usr/local/texlive/2026/texmf-dist/tex/latex/graphics-cfg/graphics.cfg)
(/usr/local/texlive/2026/texmf-dist/tex/latex/graphics-def/pdftex.def)))
(/usr/local/texlive/2026/texmf-dist/tex/latex/xcolor/xcolor.sty
(/usr/local/texlive/2026/texmf-dist/tex/latex/graphics-cfg/color.cfg)
(/usr/local/texlive/2026/texmf-dist/tex/latex/graphics/mathcolor.ltx))
(/usr/local/texlive/2026/texmf-dist/tex/latex/geometry/geometry.sty
(/usr/local/texlive/2026/texmf-dist/tex/generic/iftex/ifvtex.sty))
(/usr/local/texlive/2026/texmf-dist/tex/latex/ncctools/manyfoot.sty
(/usr/local/texlive/2026/texmf-dist/tex/latex/ncctools/nccfoots.sty))
(/usr/local/texlive/2026/texmf-dist/tex/generic/pdftex/glyphtounicode.tex)
(/usr/local/texlive/2026/texmf-dist/tex/latex/cmap/cmap.sty)
(/usr/local/texlive/2026/texmf-dist/tex/latex/base/fontenc.sty<<t1.cmap>>)
(/usr/local/texlive/2026/texmf-dist/tex/latex/libertine/libertine.sty
(/usr/local/texlive/2026/texmf-dist/tex/generic/iftex/ifxetex.sty)
(/usr/local/texlive/2026/texmf-dist/tex/latex/base/textcomp.sty)
(/usr/local/texlive/2026/texmf-dist/tex/latex/base/fontenc.sty)
(/usr/local/texlive/2026/texmf-dist/tex/latex/fontaxes/fontaxes.sty
(/usr/local/texlive/2026/texmf-dist/tex/latex/figureversions/figureversions.sty
)) (/usr/local/texlive/2026/texmf-dist/tex/latex/libertine/LinLibertine_I.tex))
 (/usr/local/texlive/2026/texmf-dist/tex/latex/inconsolata/zi4.sty
`inconsolata-zi4' v1.12, 2019/05/17 Text macros for Inconsolata (msharpe))
(/usr/local/texlive/2026/texmf-dist/tex/latex/newtx/newtxmath.sty
`newtxmath' v1.754, 2024/09/22 Math macros based originally on txfonts (msharpe
) (/usr/local/texlive/2026/texmf-dist/tex/latex/oberdiek/centernot.sty)
(/usr/local/texlive/2026/texmf-dist/tex/generic/kastrup/binhex.tex)
amsthm NOT loaded
) (/usr/local/texlive/2026/texmf-dist/tex/latex/caption/caption.sty
(/usr/local/texlive/2026/texmf-dist/tex/latex/caption/caption3.sty
(/usr/local/texlive/2026/texmf-dist/tex/latex/caption/caption-ams-smf.sto)))
(/usr/local/texlive/2026/texmf-dist/tex/latex/float/float.sty)
(/usr/local/texlive/2026/texmf-dist/tex/latex/comment/comment.sty
Excluding comment 'comment') Excluding comment 'CCSXML'
(/usr/local/texlive/2026/texmf-dist/tex/latex/fancyhdr/fancyhdr.sty)
Special comment 'acks'
(/usr/local/texlive/2026/texmf-dist/tex/latex/libertine/T1LinuxLibertineT-TLF.f
d)) (/usr/local/texlive/2026/texmf-dist/tex/latex/multirow/multirow.sty)
(/usr/local/texlive/2026/texmf-dist/tex/latex/preprint/balance.sty)
Excluding comment 'screenonly' Include comment 'printonly'
Excluding comment 'anonsuppress' Excluding comment 'acks'
(/usr/local/texlive/2026/texmf-dist/tex/latex/l3backend/l3backend-pdftex.def)
(./main.aux) (/usr/local/texlive/2026/texmf-dist/tex/latex/newtx/omlnxlmi.fd)
(/usr/local/texlive/2026/texmf-dist/tex/latex/newtx/untxexa.fd)
(/usr/local/texlive/2026/texmf-dist/tex/latex/newtx/lmsntxsy.fd)
(/usr/local/texlive/2026/texmf-dist/tex/latex/newtx/lmxntxexx.fd)
(/usr/local/texlive/2026/texmf-dist/tex/latex/libertine/OT1LinuxLibertineT-TLF.
fd)<<ot1.cmap>><<oml.cmap>>
(/usr/local/texlive/2026/texmf-dist/tex/latex/amsfonts/umsa.fd)
(/usr/local/texlive/2026/texmf-dist/tex/latex/amsfonts/umsb.fd)
(/usr/local/texlive/2026/texmf-dist/tex/latex/newtx/untxmia.fd)
(/usr/local/texlive/2026/texmf-dist/tex/latex/newtx/untxsym.fd)
(/usr/local/texlive/2026/texmf-dist/tex/latex/newtx/untxsyc.fd) (./main.out)
(./main.out)
(/usr/local/texlive/2026/texmf-dist/tex/context/base/mkii/supp-pdf.mkii
[Loading MPS to PDF converter (version 2006.09.02).]
) (/usr/local/texlive/2026/texmf-dist/tex/latex/epstopdf-pkg/epstopdf-base.sty
(/usr/local/texlive/2026/texmf-dist/tex/latex/latexconfig/epstopdf-sys.cfg))
*geometry* driver: auto-detecting
*geometry* detected driver: pdftex
(/usr/local/texlive/2026/texmf-dist/tex/latex/upquote/upquote.sty)
(/usr/local/texlive/2026/texmf-dist/tex/latex/libertine/T1LinuxBiolinumT-TLF.fd
)
Underfull \vbox (badness 10000) has occurred while \output is active [1.1{/usr/
local/texlive/2026/texmf-var/fonts/map/pdftex/updmap/pdftex.map}{/usr/local/tex
live/2026/texmf-dist/fonts/enc/dvips/libertine/lbtn_76gpa5.enc}{/usr/local/texl
ive/2026/texmf-dist/fonts/enc/dvips/libertine/lbtn_25tcsq.enc}{/usr/local/texli
ve/2026/texmf-dist/fonts/enc/dvips/libertine/lbtn_nh77jq.enc}{/usr/local/texliv
e/2026/texmf-dist/fonts/enc/dvips/libertine/lbtn_7grukw.enc}]
(/usr/local/texlive/2026/texmf-dist/tex/latex/microtype/mt-msa.cfg)
(/usr/local/texlive/2026/texmf-dist/tex/latex/microtype/mt-msb.cfg)

Class acmart Warning: A possible image without description on input line 60.


Package natbib Warning: Citation `sbert' on page 2 undefined on input line 89.


Package natbib Warning: Citation `infonce' on page 2 undefined on input line 89
.


Underfull \vbox (badness 2608) has occurred while \output is active [2.2{/usr/l
ocal/texlive/2026/texmf-dist/fonts/enc/dvips/libertine/lbtn_oexx6f.enc}{/usr/lo
cal/texlive/2026/texmf-dist/fonts/enc/dvips/libertine/lbtn_kijugd.enc}]
(./main.bbl)

Package natbib Warning: There were undefined citations.


Class acmart Warning: Some images may lack descriptions.
(acmart)              ACM is committed to complying with the upcoming US ADA ht
tps://accessiblyapp.com/accessibility-compliance/ada/ and European Accessibilit
y Act (EAA) https://accessiblyapp.com/accessibility-compliance/eaa/ regulations
 by actively working to ensure our publications and application services are ac
cessible to individuals with disabilities, adhering to the WCAG guidelines to p
rovide a seamless experience for all users, and regularly reviewing our accessi
bility practices to maintain compliance with evolving standards. 
(acmart)              To this end, we strongly encourage our authors to provide
 alternative text and captions for images and multimedia content. It is also im
portant to optimize color contrast for the visually impaired. Taking these impo
rtant steps when creating your papers will ensure that the widest possible audi
ence can ingest your work..


Class acmart Warning: ACM reference format is mandatory 
(acmart)              for papers over one page. 
(acmart)              Please add printacmref=true to the 
(acmart)              \settopmatter command..


Class acmart Warning: CCS concepts are mandatory for papers over two pages.


Package balance Warning: You have called \balance in second column
(balance)                Columns might not be balanced.

(/usr/local/texlive/2026/texmf-dist/tex/generic/stringenc/se-pdfdoc.def)
(/usr/local/texlive/2026/texmf-dist/tex/generic/stringenc/se-utf8.def) [3.3]
(./main.aux

Package natbib Warning: Citation(s) may have changed.
(natbib)                Rerun to get citations correct.

) )
(see the transcript file for additional information)</usr/local/texlive/2026/te
xmf-dist/fonts/type1/public/newtx/LibertineMathMI.pfb></usr/local/texlive/2026/
texmf-dist/fonts/type1/public/newtx/LibertineMathMI7.pfb></usr/local/texlive/20
26/texmf-dist/fonts/type1/public/newtx/LibertineMathRM.pfb></usr/local/texlive/
2026/texmf-dist/fonts/type1/public/libertine/LinBiolinumT.pfb></usr/local/texli
ve/2026/texmf-dist/fonts/type1/public/libertine/LinBiolinumTB.pfb></usr/local/t
exlive/2026/texmf-dist/fonts/type1/public/libertine/LinLibertineT.pfb></usr/loc
al/texlive/2026/texmf-dist/fonts/type1/public/libertine/LinLibertineTB.pfb></us
r/local/texlive/2026/texmf-dist/fonts/type1/public/libertine/LinLibertineTI.pfb
></usr/local/texlive/2026/texmf-dist/fonts/type1/public/newtx/txexs.pfb></usr/l
ocal/texlive/2026/texmf-dist/fonts/type1/public/newtx/txmiaX.pfb></usr/local/te
xlive/2026/texmf-dist/fonts/type1/public/newtx/txsys.pfb>
Output written on main.pdf (3 pages, 440443 bytes).
Transcript written on main.log.
Latexmk: Getting log file 'main.log'
Latexmk: Examining 'main.fls'
Latexmk: Examining 'main.log'
Latexmk: Found input bbl file 'main.bbl'
Latexmk: References changed.
Latexmk: Log file says output to 'main.pdf'
Latexmk: Using bibtex to make bibliography file(s).
  ===Source file 'main.bbl' for 'pdflatex'
Latexmk: Found bibliography file(s):
  ./refs.bib
Latexmk: applying rule 'bibtex main'...
Rule 'bibtex main':  Reasons for rerun
Changed files or newly in use/created:
  main.aux

------------
Run number 2 of rule 'bibtex main'
------------
------------
Running 'bibtex  "main.aux"'
------------
This is BibTeX, Version 0.99e (TeX Live 2026)
The top-level auxiliary file: main.aux
The style file: ACM-Reference-Format.bst
Database file #1: refs.bib
Warning--empty publisher in ikun
Warning--empty address in ikun
Warning--page numbers missing in both pages and numpages fields in ikun
Warning--page numbers missing in both pages and numpages fields in ransac
Warning--page numbers missing in both pages and numpages fields in hota
Warning--empty publisher in sbert
Warning--empty address in sbert
Warning--page numbers missing in both pages and numpages fields in sbert
Warning--empty publisher in orb
Warning--empty address in orb
Warning--page numbers missing in both pages and numpages fields in orb
Warning--empty publisher in transrmot
Warning--empty address in transrmot
Warning--page numbers missing in both pages and numpages fields in transrmot
(There were 14 warnings)
Latexmk: applying rule 'pdflatex'...
Rule 'pdflatex':  Reasons for rerun
Changed files or newly in use/created:
  main.aux

------------
Run number 3 of rule 'pdflatex'
------------
------------
Running 'pdflatex  -interaction=nonstopmode -recorder  "main.tex"'
------------
This is pdfTeX, Version 3.141592653-2.6-1.40.29 (TeX Live 2026) (preloaded format=pdflatex)
 restricted \write18 enabled.
entering extended mode
(./main.tex
LaTeX2e <2025-11-01>
L3 programming layer <2026-03-20>
(/usr/local/texlive/2026/texmf-dist/tex/latex/acmart/acmart.cls
Document Class: acmart 2025/08/27 v2.16 Typesetting articles for the Associatio
n for Computing Machinery
(/usr/local/texlive/2026/texmf-dist/tex/latex/xkeyval/xkeyval.sty
(/usr/local/texlive/2026/texmf-dist/tex/generic/xkeyval/xkeyval.tex
(/usr/local/texlive/2026/texmf-dist/tex/generic/xkeyval/xkvutils.tex
(/usr/local/texlive/2026/texmf-dist/tex/generic/xkeyval/keyval.tex))))
(/usr/local/texlive/2026/texmf-dist/tex/generic/xstring/xstring.sty
(/usr/local/texlive/2026/texmf-dist/tex/generic/xstring/xstring.tex))
(/usr/local/texlive/2026/texmf-dist/tex/generic/iftex/iftex.sty)
(/usr/local/texlive/2026/texmf-dist/tex/latex/amscls/amsart.cls
Document Class: amsart 2020/05/29 v2.20.6
(/usr/local/texlive/2026/texmf-dist/tex/latex/amsmath/amsmath.sty
For additional information on amsmath, use the `?' option.
(/usr/local/texlive/2026/texmf-dist/tex/latex/amsmath/amstext.sty
(/usr/local/texlive/2026/texmf-dist/tex/latex/amsmath/amsgen.sty))
(/usr/local/texlive/2026/texmf-dist/tex/latex/amsmath/amsbsy.sty)
(/usr/local/texlive/2026/texmf-dist/tex/latex/amsmath/amsopn.sty))
(/usr/local/texlive/2026/texmf-dist/tex/latex/amsfonts/umsa.fd)
(/usr/local/texlive/2026/texmf-dist/tex/latex/amsfonts/amsfonts.sty))
(/usr/local/texlive/2026/texmf-dist/tex/latex/microtype/microtype.sty
(/usr/local/texlive/2026/texmf-dist/tex/latex/etoolbox/etoolbox.sty)
(/usr/local/texlive/2026/texmf-dist/tex/latex/microtype/microtype-pdftex.def)
(/usr/local/texlive/2026/texmf-dist/tex/latex/microtype/microtype.cfg))
(/usr/local/texlive/2026/texmf-dist/tex/latex/booktabs/booktabs.sty)
(/usr/local/texlive/2026/texmf-dist/tex/latex/refcount/refcount.sty
(/usr/local/texlive/2026/texmf-dist/tex/generic/ltxcmds/ltxcmds.sty)
(/usr/local/texlive/2026/texmf-dist/tex/generic/infwarerr/infwarerr.sty))
(/usr/local/texlive/2026/texmf-dist/tex/latex/totpages/totpages.sty
(/usr/local/texlive/2026/texmf-dist/tex/latex/everyshi/everyshi.sty))
(/usr/local/texlive/2026/texmf-dist/tex/latex/environ/environ.sty
(/usr/local/texlive/2026/texmf-dist/tex/latex/trimspaces/trimspaces.sty))
(/usr/local/texlive/2026/texmf-dist/tex/latex/natbib/natbib.sty)
(/usr/local/texlive/2026/texmf-dist/tex/latex/hyperref/hyperref.sty
(/usr/local/texlive/2026/texmf-dist/tex/latex/kvsetkeys/kvsetkeys.sty)
(/usr/local/texlive/2026/texmf-dist/tex/generic/kvdefinekeys/kvdefinekeys.sty)
(/usr/local/texlive/2026/texmf-dist/tex/generic/pdfescape/pdfescape.sty
(/usr/local/texlive/2026/texmf-dist/tex/generic/pdftexcmds/pdftexcmds.sty))
(/usr/local/texlive/2026/texmf-dist/tex/latex/hycolor/hycolor.sty)
(/usr/local/texlive/2026/texmf-dist/tex/latex/hyperref/nameref.sty
(/usr/local/texlive/2026/texmf-dist/tex/generic/gettitlestring/gettitlestring.s
ty (/usr/local/texlive/2026/texmf-dist/tex/latex/kvoptions/kvoptions.sty)))
(/usr/local/texlive/2026/texmf-dist/tex/generic/stringenc/stringenc.sty)
(/usr/local/texlive/2026/texmf-dist/tex/latex/hyperref/pd1enc.def)
(/usr/local/texlive/2026/texmf-dist/tex/generic/intcalc/intcalc.sty)
(/usr/local/texlive/2026/texmf-dist/tex/latex/hyperref/puenc.def)
(/usr/local/texlive/2026/texmf-dist/tex/latex/url/url.sty)
(/usr/local/texlive/2026/texmf-dist/tex/generic/bitset/bitset.sty
(/usr/local/texlive/2026/texmf-dist/tex/generic/bigintcalc/bigintcalc.sty)))
(/usr/local/texlive/2026/texmf-dist/tex/latex/hyperref/hpdftex.def
(/usr/local/texlive/2026/texmf-dist/tex/latex/rerunfilecheck/rerunfilecheck.sty

(/usr/local/texlive/2026/texmf-dist/tex/generic/uniquecounter/uniquecounter.sty
))) (/usr/local/texlive/2026/texmf-dist/tex/latex/hyperxmp/hyperxmp.sty
(/usr/local/texlive/2026/texmf-dist/tex/latex/ifmtarg/ifmtarg.sty)
(/usr/local/texlive/2026/texmf-dist/tex/latex/base/ifthen.sty)
(/usr/local/texlive/2026/texmf-dist/tex/latex/oberdiek/ifdraft.sty)
(/usr/local/texlive/2026/texmf-dist/tex/generic/iftex/ifluatex.sty))
(/usr/local/texlive/2026/texmf-dist/tex/latex/graphics/graphicx.sty
(/usr/local/texlive/2026/texmf-dist/tex/latex/graphics/graphics.sty
(/usr/local/texlive/2026/texmf-dist/tex/latex/graphics/trig.sty)
(/usr/local/texlive/2026/texmf-dist/tex/latex/graphics-cfg/graphics.cfg)
(/usr/local/texlive/2026/texmf-dist/tex/latex/graphics-def/pdftex.def)))
(/usr/local/texlive/2026/texmf-dist/tex/latex/xcolor/xcolor.sty
(/usr/local/texlive/2026/texmf-dist/tex/latex/graphics-cfg/color.cfg)
(/usr/local/texlive/2026/texmf-dist/tex/latex/graphics/mathcolor.ltx))
(/usr/local/texlive/2026/texmf-dist/tex/latex/geometry/geometry.sty
(/usr/local/texlive/2026/texmf-dist/tex/generic/iftex/ifvtex.sty))
(/usr/local/texlive/2026/texmf-dist/tex/latex/ncctools/manyfoot.sty
(/usr/local/texlive/2026/texmf-dist/tex/latex/ncctools/nccfoots.sty))
(/usr/local/texlive/2026/texmf-dist/tex/generic/pdftex/glyphtounicode.tex)
(/usr/local/texlive/2026/texmf-dist/tex/latex/cmap/cmap.sty)
(/usr/local/texlive/2026/texmf-dist/tex/latex/base/fontenc.sty<<t1.cmap>>)
(/usr/local/texlive/2026/texmf-dist/tex/latex/libertine/libertine.sty
(/usr/local/texlive/2026/texmf-dist/tex/generic/iftex/ifxetex.sty)
(/usr/local/texlive/2026/texmf-dist/tex/latex/base/textcomp.sty)
(/usr/local/texlive/2026/texmf-dist/tex/latex/base/fontenc.sty)
(/usr/local/texlive/2026/texmf-dist/tex/latex/fontaxes/fontaxes.sty
(/usr/local/texlive/2026/texmf-dist/tex/latex/figureversions/figureversions.sty
)) (/usr/local/texlive/2026/texmf-dist/tex/latex/libertine/LinLibertine_I.tex))
 (/usr/local/texlive/2026/texmf-dist/tex/latex/inconsolata/zi4.sty
`inconsolata-zi4' v1.12, 2019/05/17 Text macros for Inconsolata (msharpe))
(/usr/local/texlive/2026/texmf-dist/tex/latex/newtx/newtxmath.sty
`newtxmath' v1.754, 2024/09/22 Math macros based originally on txfonts (msharpe
) (/usr/local/texlive/2026/texmf-dist/tex/latex/oberdiek/centernot.sty)
(/usr/local/texlive/2026/texmf-dist/tex/generic/kastrup/binhex.tex)
amsthm NOT loaded
) (/usr/local/texlive/2026/texmf-dist/tex/latex/caption/caption.sty
(/usr/local/texlive/2026/texmf-dist/tex/latex/caption/caption3.sty
(/usr/local/texlive/2026/texmf-dist/tex/latex/caption/caption-ams-smf.sto)))
(/usr/local/texlive/2026/texmf-dist/tex/latex/float/float.sty)
(/usr/local/texlive/2026/texmf-dist/tex/latex/comment/comment.sty
Excluding comment 'comment') Excluding comment 'CCSXML'
(/usr/local/texlive/2026/texmf-dist/tex/latex/fancyhdr/fancyhdr.sty)
Special comment 'acks'
(/usr/local/texlive/2026/texmf-dist/tex/latex/libertine/T1LinuxLibertineT-TLF.f
d)) (/usr/local/texlive/2026/texmf-dist/tex/latex/multirow/multirow.sty)
(/usr/local/texlive/2026/texmf-dist/tex/latex/preprint/balance.sty)
Excluding comment 'screenonly' Include comment 'printonly'
Excluding comment 'anonsuppress' Excluding comment 'acks'
(/usr/local/texlive/2026/texmf-dist/tex/latex/l3backend/l3backend-pdftex.def)
(./main.aux) (/usr/local/texlive/2026/texmf-dist/tex/latex/newtx/omlnxlmi.fd)
(/usr/local/texlive/2026/texmf-dist/tex/latex/newtx/untxexa.fd)
(/usr/local/texlive/2026/texmf-dist/tex/latex/newtx/lmsntxsy.fd)
(/usr/local/texlive/2026/texmf-dist/tex/latex/newtx/lmxntxexx.fd)
(/usr/local/texlive/2026/texmf-dist/tex/latex/libertine/OT1LinuxLibertineT-TLF.
fd)<<ot1.cmap>><<oml.cmap>>
(/usr/local/texlive/2026/texmf-dist/tex/latex/amsfonts/umsa.fd)
(/usr/local/texlive/2026/texmf-dist/tex/latex/amsfonts/umsb.fd)
(/usr/local/texlive/2026/texmf-dist/tex/latex/newtx/untxmia.fd)
(/usr/local/texlive/2026/texmf-dist/tex/latex/newtx/untxsym.fd)
(/usr/local/texlive/2026/texmf-dist/tex/latex/newtx/untxsyc.fd) (./main.out)
(./main.out)
(/usr/local/texlive/2026/texmf-dist/tex/context/base/mkii/supp-pdf.mkii
[Loading MPS to PDF converter (version 2006.09.02).]
) (/usr/local/texlive/2026/texmf-dist/tex/latex/epstopdf-pkg/epstopdf-base.sty
(/usr/local/texlive/2026/texmf-dist/tex/latex/latexconfig/epstopdf-sys.cfg))
*geometry* driver: auto-detecting
*geometry* detected driver: pdftex
(/usr/local/texlive/2026/texmf-dist/tex/latex/upquote/upquote.sty)
(/usr/local/texlive/2026/texmf-dist/tex/latex/libertine/T1LinuxBiolinumT-TLF.fd
)
Underfull \vbox (badness 10000) has occurred while \output is active [1.1{/usr/
local/texlive/2026/texmf-var/fonts/map/pdftex/updmap/pdftex.map}{/usr/local/tex
live/2026/texmf-dist/fonts/enc/dvips/libertine/lbtn_76gpa5.enc}{/usr/local/texl
ive/2026/texmf-dist/fonts/enc/dvips/libertine/lbtn_25tcsq.enc}{/usr/local/texli
ve/2026/texmf-dist/fonts/enc/dvips/libertine/lbtn_nh77jq.enc}{/usr/local/texliv
e/2026/texmf-dist/fonts/enc/dvips/libertine/lbtn_7grukw.enc}]
(/usr/local/texlive/2026/texmf-dist/tex/latex/microtype/mt-msa.cfg)
(/usr/local/texlive/2026/texmf-dist/tex/latex/microtype/mt-msb.cfg)

Class acmart Warning: A possible image without description on input line 60.


Underfull \vbox (badness 2608) has occurred while \output is active [2.2{/usr/l
ocal/texlive/2026/texmf-dist/fonts/enc/dvips/libertine/lbtn_oexx6f.enc}{/usr/lo
cal/texlive/2026/texmf-dist/fonts/enc/dvips/libertine/lbtn_kijugd.enc}]
(./main.bbl)

Class acmart Warning: Some images may lack descriptions.
(acmart)              ACM is committed to complying with the upcoming US ADA ht
tps://accessiblyapp.com/accessibility-compliance/ada/ and European Accessibilit
y Act (EAA) https://accessiblyapp.com/accessibility-compliance/eaa/ regulations
 by actively working to ensure our publications and application services are ac
cessible to individuals with disabilities, adhering to the WCAG guidelines to p
rovide a seamless experience for all users, and regularly reviewing our accessi
bility practices to maintain compliance with evolving standards. 
(acmart)              To this end, we strongly encourage our authors to provide
 alternative text and captions for images and multimedia content. It is also im
portant to optimize color contrast for the visually impaired. Taking these impo
rtant steps when creating your papers will ensure that the widest possible audi
ence can ingest your work..


Class acmart Warning: ACM reference format is mandatory 
(acmart)              for papers over one page. 
(acmart)              Please add printacmref=true to the 
(acmart)              \settopmatter command..


Class acmart Warning: CCS concepts are mandatory for papers over two pages.


Package balance Warning: You have called \balance in second column
(balance)                Columns might not be balanced.

(/usr/local/texlive/2026/texmf-dist/tex/generic/stringenc/se-pdfdoc.def)
(/usr/local/texlive/2026/texmf-dist/tex/generic/stringenc/se-utf8.def) [3.3]
(./main.aux) )
(see the transcript file for additional information)</usr/local/texlive/2026/te
xmf-dist/fonts/type1/public/newtx/LibertineMathMI.pfb></usr/local/texlive/2026/
texmf-dist/fonts/type1/public/newtx/LibertineMathMI7.pfb></usr/local/texlive/20
26/texmf-dist/fonts/type1/public/newtx/LibertineMathRM.pfb></usr/local/texlive/
2026/texmf-dist/fonts/type1/public/libertine/LinBiolinumT.pfb></usr/local/texli
ve/2026/texmf-dist/fonts/type1/public/libertine/LinBiolinumTB.pfb></usr/local/t
exlive/2026/texmf-dist/fonts/type1/public/libertine/LinLibertineT.pfb></usr/loc
al/texlive/2026/texmf-dist/fonts/type1/public/libertine/LinLibertineTB.pfb></us
r/local/texlive/2026/texmf-dist/fonts/type1/public/libertine/LinLibertineTI.pfb
></usr/local/texlive/2026/texmf-dist/fonts/type1/public/newtx/txexs.pfb></usr/l
ocal/texlive/2026/texmf-dist/fonts/type1/public/newtx/txmiaX.pfb></usr/local/te
xlive/2026/texmf-dist/fonts/type1/public/newtx/txsys.pfb>
Output written on main.pdf (3 pages, 440335 bytes).
Transcript written on main.log.
Latexmk: Getting log file 'main.log'
Latexmk: Examining 'main.fls'
Latexmk: Examining 'main.log'
Latexmk: Found input bbl file 'main.bbl'
Latexmk: Log file says output to 'main.pdf'
Latexmk: Using bibtex to make bibliography file(s).
  ===Source file 'main.bbl' for 'pdflatex'
Latexmk: Found bibliography file(s):
  ./refs.bib
Latexmk: All targets (main.pdf) are up-to-date

